Using pre-set license
Built from '2022.3/staging' branch; Version is '2022.3.62f1 (4af31df58517) revision 4911901'; Using compiler version '192829333'; Build Type 'Release'
OS: 'Windows 10  (10.0.19045) 64bit Professional' Language: 'ko' Physical Memory: 15761 MB
BatchMode: 1, IsHumanControllingUs: 0, StartBugReporterOnCrash: 0, Is64bit: 1, IsPro: 1

COMMAND LINE ARGUMENTS:
C:\Program Files\Unity\Hub\Editor\2022.3.62f1\Editor\Unity.exe
-adb2
-batchMode
-noUpm
-name
AssetImportWorker1
-projectPath
C:/Users/asdf/Desktop/unity/ReactiveTurnBase/My project A
-logFile
Logs/AssetImportWorker1.log
-srvPort
50158
Successfully changed project path to: C:/Users/asdf/Desktop/unity/ReactiveTurnBase/My project A
C:/Users/asdf/Desktop/unity/ReactiveTurnBase/My project A
[UnityMemory] Configuration Parameters - Can be set up in boot.config
    "memorysetup-bucket-allocator-granularity=16"
    "memorysetup-bucket-allocator-bucket-count=8"
    "memorysetup-bucket-allocator-block-size=33554432"
    "memorysetup-bucket-allocator-block-count=8"
    "memorysetup-main-allocator-block-size=16777216"
    "memorysetup-thread-allocator-block-size=16777216"
    "memorysetup-gfx-main-allocator-block-size=16777216"
    "memorysetup-gfx-thread-allocator-block-size=16777216"
    "memorysetup-cache-allocator-block-size=4194304"
    "memorysetup-typetree-allocator-block-size=2097152"
    "memorysetup-profiler-bucket-allocator-granularity=16"
    "memorysetup-profiler-bucket-allocator-bucket-count=8"
    "memorysetup-profiler-bucket-allocator-block-size=33554432"
    "memorysetup-profiler-bucket-allocator-block-count=8"
    "memorysetup-profiler-allocator-block-size=16777216"
    "memorysetup-profiler-editor-allocator-block-size=1048576"
    "memorysetup-temp-allocator-size-main=16777216"
    "memorysetup-job-temp-allocator-block-size=2097152"
    "memorysetup-job-temp-allocator-block-size-background=1048576"
    "memorysetup-job-temp-allocator-reduction-small-platforms=262144"
    "memorysetup-allocator-temp-initial-block-size-main=262144"
    "memorysetup-allocator-temp-initial-block-size-worker=262144"
    "memorysetup-temp-allocator-size-background-worker=32768"
    "memorysetup-temp-allocator-size-job-worker=262144"
    "memorysetup-temp-allocator-size-preload-manager=33554432"
    "memorysetup-temp-allocator-size-nav-mesh-worker=65536"
    "memorysetup-temp-allocator-size-audio-worker=65536"
    "memorysetup-temp-allocator-size-cloud-worker=32768"
    "memorysetup-temp-allocator-size-gi-baking-worker=262144"
    "memorysetup-temp-allocator-size-gfx=262144"
Player connection [1220]  Target information:

Player connection [1220]  * "[IP] 172.30.1.88 [Port] 0 [Flags] 2 [Guid] 2935049983 [EditorId] 2935049983 [Version] 1048832 [Id] WindowsEditor(7,DESKTOP-FAF2NFQ) [Debug] 1 [PackageName] WindowsEditor [ProjectName] Editor" 

Player connection [1220] Host joined multi-casting on [225.0.0.222:54997]...
Player connection [1220] Host joined alternative multi-casting on [225.0.0.222:34997]...
Input System module state changed to: Initialized.
[PhysX] Initialized MultithreadedTaskDispatcher with 12 workers.
Refreshing native plugins compatible for Editor in 13.64 ms, found 3 plugins.
Preloading 0 native plugins for Editor in 0.00 ms.
Initialize engine version: 2022.3.62f1 (4af31df58517)
[Subsystems] Discovering subsystems at path C:/Program Files/Unity/Hub/Editor/2022.3.62f1/Editor/Data/Resources/UnitySubsystems
[Subsystems] Discovering subsystems at path C:/Users/asdf/Desktop/unity/ReactiveTurnBase/My project A/Assets
GfxDevice: creating device client; threaded=0; jobified=0
Direct3D:
    Version:  Direct3D 11.0 [level 11.1]
    Renderer: AMD Radeon(TM) Graphics (ID=0x1638)
    Vendor:   ATI
    VRAM:     7880 MB
    Driver:   31.0.21921.1000
Initialize mono
Mono path[0] = 'C:/Program Files/Unity/Hub/Editor/2022.3.62f1/Editor/Data/Managed'
Mono path[1] = 'C:/Program Files/Unity/Hub/Editor/2022.3.62f1/Editor/Data/MonoBleedingEdge/lib/mono/unityjit-win32'
Mono config path = 'C:/Program Files/Unity/Hub/Editor/2022.3.62f1/Editor/Data/MonoBleedingEdge/etc'
Using monoOptions --debugger-agent=transport=dt_socket,embedding=1,server=y,suspend=n,address=127.0.0.1:56024
Begin MonoManager ReloadAssembly
Registering precompiled unity dll's ...
Register platform support module: C:/Program Files/Unity/Hub/Editor/2022.3.62f1/Editor/Data/PlaybackEngines/AndroidPlayer/UnityEditor.Android.Extensions.dll
Register platform support module: C:/Program Files/Unity/Hub/Editor/2022.3.62f1/Editor/Data/PlaybackEngines/WindowsStandaloneSupport/UnityEditor.WindowsStandalone.Extensions.dll
Registered in 0.008348 seconds.
- Loaded All Assemblies, in  0.329 seconds
Native extension for WindowsStandalone target not found
Native extension for Android target not found
Android Extension - Scanning For ADB Devices 224 ms
Mono: successfully reloaded assembly
- Finished resetting the current domain, in  0.505 seconds
Domain Reload Profiling: 833ms
	BeginReloadAssembly (96ms)
		ExecutionOrderSort (0ms)
		DisableScriptedObjects (0ms)
		BackupInstance (0ms)
		ReleaseScriptingObjects (0ms)
		CreateAndSetChildDomain (1ms)
	RebuildCommonClasses (30ms)
	RebuildNativeTypeToScriptingClass (8ms)
	initialDomainReloadingComplete (57ms)
	LoadAllAssembliesAndSetupDomain (136ms)
		LoadAssemblies (95ms)
		RebuildTransferFunctionScriptingTraits (0ms)
		AnalyzeDomain (134ms)
			TypeCache.Refresh (132ms)
				TypeCache.ScanAssembly (120ms)
			ScanForSourceGeneratedMonoScriptInfo (1ms)
			ResolveRequiredComponents (0ms)
	FinalizeReload (505ms)
		ReleaseScriptCaches (0ms)
		RebuildScriptCaches (0ms)
		SetupLoadedEditorAssemblies (463ms)
			LogAssemblyErrors (0ms)
			InitializePlatformSupportModulesInManaged (297ms)
			SetLoadedEditorAssemblies (5ms)
			RefreshPlugins (0ms)
			BeforeProcessingInitializeOnLoad (2ms)
			ProcessInitializeOnLoadAttributes (118ms)
			ProcessInitializeOnLoadMethodAttributes (41ms)
			AfterProcessingInitializeOnLoad (0ms)
			EditorAssembliesLoaded (0ms)
		ExecutionOrderSort2 (0ms)
		AwakeInstancesAfterBackupRestoration (0ms)
========================================================================
Worker process is ready to serve import requests
Caller must complete domain reload
Begin MonoManager ReloadAssembly
Symbol file data-000001FF72AFEDB0 doesn't match image C:\Users\asdf\Desktop\unity\ReactiveTurnBase\My project A\Library\ScriptAssemblies\Unity.EditorCoroutines.Editor.dll
Symbol file LoadedFromMemory is not a mono symbol file
Symbol file data-000001FF94B07430 doesn't match image C:\Users\asdf\Desktop\unity\ReactiveTurnBase\My project A\Library\ScriptAssemblies\UniTask.TextMeshPro.dll
Symbol file LoadedFromMemory is not a mono symbol file
Symbol file data-000001FF955AF020 doesn't match image C:\Users\asdf\Desktop\unity\ReactiveTurnBase\My project A\Library\ScriptAssemblies\Unity.Timeline.Editor.dll
Symbol file LoadedFromMemory is not a mono symbol file
Symbol file data-000001FF94B07430 doesn't match image C:\Users\asdf\Desktop\unity\ReactiveTurnBase\My project A\Library\ScriptAssemblies\Unity.VisualScripting.Shared.Editor.dll
Symbol file LoadedFromMemory is not a mono symbol file
Symbol file data-000001FF94B07430 doesn't match image C:\Users\asdf\Desktop\unity\ReactiveTurnBase\My project A\Library\ScriptAssemblies\UniTask.DOTween.dll
Symbol file LoadedFromMemory is not a mono symbol file
Symbol file data-000001FF94B07430 doesn't match image C:\Users\asdf\Desktop\unity\ReactiveTurnBase\My project A\Library\ScriptAssemblies\UniTask.Addressables.dll
Symbol file LoadedFromMemory is not a mono symbol file
Symbol file data-000001FF72D099B0 doesn't match image C:\Users\asdf\Desktop\unity\ReactiveTurnBase\My project A\Library\ScriptAssemblies\UnityEditor.UI.dll
Symbol file LoadedFromMemory is not a mono symbol file
Symbol file data-000001FF71C0B150 doesn't match image C:\Users\asdf\Desktop\unity\ReactiveTurnBase\My project A\Library\ScriptAssemblies\Unity.VisualScripting.Core.dll
Symbol file LoadedFromMemory is not a mono symbol file
Symbol file data-000001FF72D127C0 doesn't match image C:\Users\asdf\Desktop\unity\ReactiveTurnBase\My project A\Library\ScriptAssemblies\UnityEngine.UI.dll
Symbol file LoadedFromMemory is not a mono symbol file
Symbol file data-000001FF9513A0A0 doesn't match image C:\Users\asdf\Desktop\unity\ReactiveTurnBase\My project A\Library\ScriptAssemblies\UniTask.Editor.dll
Symbol file LoadedFromMemory is not a mono symbol file
Symbol file data-000001FF951E6030 doesn't match image C:\Users\asdf\Desktop\unity\ReactiveTurnBase\My project A\Library\ScriptAssemblies\Unity.VisualScripting.Core.Editor.dll
Symbol file LoadedFromMemory is not a mono symbol file
Symbol file data-000001FF9496B010 doesn't match image C:\Users\asdf\Desktop\unity\ReactiveTurnBase\My project A\Library\ScriptAssemblies\UniTask.Linq.dll
Symbol file LoadedFromMemory is not a mono symbol file
Symbol file data-000001FF94C06030 doesn't match image C:\Users\asdf\Desktop\unity\ReactiveTurnBase\My project A\Library\ScriptAssemblies\Unity.VisualScripting.Flow.dll
Symbol file LoadedFromMemory is not a mono symbol file
Symbol file data-000001FF95240440 doesn't match image C:\Users\asdf\Desktop\unity\ReactiveTurnBase\My project A\Library\ScriptAssemblies\Unity.VisualScripting.Flow.Editor.dll
Symbol file LoadedFromMemory is not a mono symbol file
Symbol file data-000001FF94C06030 doesn't match image C:\Users\asdf\Desktop\unity\ReactiveTurnBase\My project A\Library\ScriptAssemblies\Unity.Timeline.dll
Symbol file LoadedFromMemory is not a mono symbol file
Symbol file data-000001FF71B0F020 doesn't match image C:\Users\asdf\Desktop\unity\ReactiveTurnBase\My project A\Library\ScriptAssemblies\Unity.InputSystem.dll
Symbol file LoadedFromMemory is not a mono symbol file
Symbol file data-000001FF9513A0A0 doesn't match image C:\Users\asdf\Desktop\unity\ReactiveTurnBase\My project A\Library\ScriptAssemblies\Unity.InputSystem.ForUI.dll
Symbol file LoadedFromMemory is not a mono symbol file
Symbol file data-000001FF9513A0A0 doesn't match image C:\Users\asdf\Desktop\unity\ReactiveTurnBase\My project A\Library\ScriptAssemblies\Unity.TestTools.CodeCoverage.Editor.OpenCover.Mono.Reflection.dll
Symbol file LoadedFromMemory is not a mono symbol file
Symbol file data-000001FF95267E50 doesn't match image C:\Users\asdf\Desktop\unity\ReactiveTurnBase\My project A\Library\ScriptAssemblies\Unity.VisualScripting.SettingsProvider.Editor.dll
Symbol file LoadedFromMemory is not a mono symbol file
Symbol file data-000001FF94C06030 doesn't match image C:\Users\asdf\Desktop\unity\ReactiveTurnBase\My project A\Library\ScriptAssemblies\Unity.Performance.Profile-Analyzer.Editor.dll
Symbol file LoadedFromMemory is not a mono symbol file
Symbol file data-000001FF94C29040 doesn't match image C:\Users\asdf\Desktop\unity\ReactiveTurnBase\My project A\Library\ScriptAssemblies\Unity.TestTools.CodeCoverage.Editor.dll
Symbol file LoadedFromMemory is not a mono symbol file
Symbol file data-000001FF72D32D30 doesn't match image C:\Users\asdf\Desktop\unity\ReactiveTurnBase\My project A\Library\ScriptAssemblies\Unity.TestTools.CodeCoverage.Editor.OpenCover.Model.dll
Symbol file LoadedFromMemory is not a mono symbol file
Symbol file data-000001FF72D32D30 doesn't match image C:\Users\asdf\Desktop\unity\ReactiveTurnBase\My project A\Library\ScriptAssemblies\Unity.VisualScripting.State.Editor.dll
Symbol file LoadedFromMemory is not a mono symbol file
Symbol file data-000001FF72D32D30 doesn't match image C:\Users\asdf\Desktop\unity\ReactiveTurnBase\My project A\Library\ScriptAssemblies\Unity.Settings.Editor.dll
Symbol file LoadedFromMemory is not a mono symbol file
Symbol file data-000001FF94C39050 doesn't match image C:\Users\asdf\Desktop\unity\ReactiveTurnBase\My project A\Library\ScriptAssemblies\Unity.CollabProxy.Editor.dll
Symbol file LoadedFromMemory is not a mono symbol file
Symbol file data-000001FF72EB07E0 doesn't match image C:\Users\asdf\Desktop\unity\ReactiveTurnBase\My project A\Library\ScriptAssemblies\Unity.TextMeshPro.dll
Symbol file LoadedFromMemory is not a mono symbol file
Symbol file data-000001FF94720CA0 doesn't match image C:\Users\asdf\Desktop\unity\ReactiveTurnBase\My project A\Library\ScriptAssemblies\Unity.TextMeshPro.Editor.dll
Symbol file LoadedFromMemory is not a mono symbol file
Symbol file data-000001FF94F28A20 doesn't match image C:\Users\asdf\Desktop\unity\ReactiveTurnBase\My project A\Library\ScriptAssemblies\UniTask.dll
Symbol file LoadedFromMemory is not a mono symbol file
Symbol file data-000001FF94720CA0 doesn't match image C:\Users\asdf\Desktop\unity\ReactiveTurnBase\My project A\Library\ScriptAssemblies\Unity.VisualScripting.State.dll
Symbol file LoadedFromMemory is not a mono symbol file
Symbol file data-000001FF9472D2B0 doesn't match image C:\Users\asdf\Desktop\unity\ReactiveTurnBase\My project A\Library\ScriptAssemblies\Unity.VSCode.Editor.dll
Symbol file LoadedFromMemory is not a mono symbol file
- Loaded All Assemblies, in  0.753 seconds
Native extension for WindowsStandalone target not found
Native extension for Android target not found
Mono: successfully reloaded assembly
- Finished resetting the current domain, in  0.771 seconds
Domain Reload Profiling: 1521ms
	BeginReloadAssembly (153ms)
		ExecutionOrderSort (0ms)
		DisableScriptedObjects (5ms)
		BackupInstance (0ms)
		ReleaseScriptingObjects (0ms)
		CreateAndSetChildDomain (25ms)
	RebuildCommonClasses (31ms)
	RebuildNativeTypeToScriptingClass (11ms)
	initialDomainReloadingComplete (43ms)
	LoadAllAssembliesAndSetupDomain (512ms)
		LoadAssemblies (355ms)
		RebuildTransferFunctionScriptingTraits (0ms)
		AnalyzeDomain (247ms)
			TypeCache.Refresh (218ms)
				TypeCache.ScanAssembly (199ms)
			ScanForSourceGeneratedMonoScriptInfo (22ms)
			ResolveRequiredComponents (6ms)
	FinalizeReload (771ms)
		ReleaseScriptCaches (0ms)
		RebuildScriptCaches (0ms)
		SetupLoadedEditorAssemblies (611ms)
			LogAssemblyErrors (0ms)
			InitializePlatformSupportModulesInManaged (20ms)
			SetLoadedEditorAssemblies (4ms)
			RefreshPlugins (0ms)
			BeforeProcessingInitializeOnLoad (104ms)
			ProcessInitializeOnLoadAttributes (442ms)
			ProcessInitializeOnLoadMethodAttributes (35ms)
			AfterProcessingInitializeOnLoad (6ms)
			EditorAssembliesLoaded (0ms)
		ExecutionOrderSort2 (0ms)
		AwakeInstancesAfterBackupRestoration (6ms)
Launched and connected shader compiler UnityShaderCompiler.exe after 0.04 seconds
Refreshing native plugins compatible for Editor in 5.20 ms, found 3 plugins.
Preloading 0 native plugins for Editor in 0.00 ms.
Unloading 3957 Unused Serialized files (Serialized files now loaded: 0)
Unloading 33 unused Assets / (59.1 KB). Loaded Objects now: 4444.
Memory consumption went from 224.3 MB to 224.3 MB.
Total: 5.080100 ms (FindLiveObjects: 0.589600 ms CreateObjectMapping: 0.283200 ms MarkObjects: 4.086400 ms  DeleteObjects: 0.119700 ms)

AssetImportParameters requested are different than current active one (requested -> active):
  custom:container-demuxer-ogg: 62fdf1f143b41e24485cea50d1cbac27 -> 
  custom:video-decoder-ogg-theora: a1e56fd34408186e4bbccfd4996cb3dc -> 
  custom:framework-win-MediaFoundation: 216162199b28c13a410421893ffa2e32 -> 
  custom:CustomObjectIndexerAttribute: 9a22284fe3817be447336de3de66b15e -> 
  custom:container-demuxer-webm: 4f35f7cbe854078d1ac9338744f61a02 -> 
  custom:container-muxer-webm: aa71ff27fc2769a1b78a27578f13a17b -> 
  custom:video-decoder-webm-vp8: 9c59270c3fd7afecdb556c50c9e8de78 -> 
  custom:SearchIndexIgnoredProperties: e643bd26f0fe6173181afceb89e7c659 -> 
  custom:AudioImporter_EditorPlatform: d09bf68614088b80899f8185d706f6e7 -> 
  custom:video-encoder-webm-vp8: eb34c28f22e8b96e1ab97ce403110664 -> 
  custom:audio-decoder-ogg-vorbis: bf7c407c2cedff20999df2af8eb42d56 -> 
  custom:audio-encoder-webm-vorbis: bf7c407c2cedff20999df2af8eb42d56 -> 
========================================================================
Received Import Request.
  Time since last request: 1146949.303729 seconds.
  path: Assets/Pixel 3D Grassland Package/Objects/OBJ/Stone_02.obj
  artifactKey: Guid(16b40e7a875b71343bba4b5e96944d3d) Importer(815301076,1909f56bfc062723c751e8b465ee728b)
Start importing Assets/Pixel 3D Grassland Package/Objects/OBJ/Stone_02.obj using Guid(16b40e7a875b71343bba4b5e96944d3d) Importer(815301076,1909f56bfc062723c751e8b465ee728b) [PhysX] Initialized MultithreadedTaskDispatcher with 12 workers.
[PhysX] Initialized MultithreadedTaskDispatcher with 12 workers.
[PhysX] Initialized MultithreadedTaskDispatcher with 12 workers.
[PhysX] Initialized MultithreadedTaskDispatcher with 12 workers.
 -> (artifact id: 'bcef69fd5d014d9cb468bd7aea558297') in 0.187802 seconds
Number of updated asset objects reloaded before import = 0
Number of asset objects unloaded after import = 12
========================================================================
Received Import Request.
  Time since last request: 0.000026 seconds.
  path: Assets/Pixel 3D Grassland Package/Objects/OBJ/Sign_Post_04.obj
  artifactKey: Guid(1eb7364fa5559c44fa499dcf2f77917d) Importer(815301076,1909f56bfc062723c751e8b465ee728b)
Start importing Assets/Pixel 3D Grassland Package/Objects/OBJ/Sign_Post_04.obj using Guid(1eb7364fa5559c44fa499dcf2f77917d) Importer(815301076,1909f56bfc062723c751e8b465ee728b) [PhysX] Initialized MultithreadedTaskDispatcher with 12 workers.
[PhysX] Initialized MultithreadedTaskDispatcher with 12 workers.
[PhysX] Initialized MultithreadedTaskDispatcher with 12 workers.
[PhysX] Initialized MultithreadedTaskDispatcher with 12 workers.
 -> (artifact id: '8a3737a22b51a1a6a306df20f12ca6c5') in 0.027502 seconds
Number of updated asset objects reloaded before import = 0
Number of asset objects unloaded after import = 12
========================================================================
Received Import Request.
  Time since last request: 0.000017 seconds.
  path: Assets/Pixel 3D Grassland Package/Objects/OBJ/Sign_Post_02.obj
  artifactKey: Guid(c712ba56cdf50724aa40f89e9153c6a1) Importer(815301076,1909f56bfc062723c751e8b465ee728b)
Start importing Assets/Pixel 3D Grassland Package/Objects/OBJ/Sign_Post_02.obj using Guid(c712ba56cdf50724aa40f89e9153c6a1) Importer(815301076,1909f56bfc062723c751e8b465ee728b) [PhysX] Initialized MultithreadedTaskDispatcher with 12 workers.
[PhysX] Initialized MultithreadedTaskDispatcher with 12 workers.
[PhysX] Initialized MultithreadedTaskDispatcher with 12 workers.
[PhysX] Initialized MultithreadedTaskDispatcher with 12 workers.
 -> (artifact id: 'c49b21f98ccc7c4887de4675c023c551') in 0.017143 seconds
Number of updated asset objects reloaded before import = 0
Number of asset objects unloaded after import = 12
========================================================================
Received Prepare
Caller must complete domain reload
Begin MonoManager ReloadAssembly
Symbol file data-000001FF96033030 doesn't match image C:\Users\asdf\Desktop\unity\ReactiveTurnBase\My project A\Library\ScriptAssemblies\Unity.EditorCoroutines.Editor.dll
Symbol file LoadedFromMemory is not a mono symbol file
Symbol file data-000001FF9E679570 doesn't match image C:\Users\asdf\Desktop\unity\ReactiveTurnBase\My project A\Library\ScriptAssemblies\UniTask.TextMeshPro.dll
Symbol file LoadedFromMemory is not a mono symbol file
Symbol file data-000001FF955AF020 doesn't match image C:\Users\asdf\Desktop\unity\ReactiveTurnBase\My project A\Library\ScriptAssemblies\Unity.Timeline.Editor.dll
Symbol file LoadedFromMemory is not a mono symbol file
Symbol file data-000001FF96827030 doesn't match image C:\Users\asdf\Desktop\unity\ReactiveTurnBase\My project A\Library\ScriptAssemblies\Unity.VisualScripting.Shared.Editor.dll
Symbol file LoadedFromMemory is not a mono symbol file
Symbol file data-000001FF96827030 doesn't match image C:\Users\asdf\Desktop\unity\ReactiveTurnBase\My project A\Library\ScriptAssemblies\UniTask.DOTween.dll
Symbol file LoadedFromMemory is not a mono symbol file
Symbol file data-000001FF96827030 doesn't match image C:\Users\asdf\Desktop\unity\ReactiveTurnBase\My project A\Library\ScriptAssemblies\UniTask.Addressables.dll
Symbol file LoadedFromMemory is not a mono symbol file
Symbol file data-000001FF96827030 doesn't match image C:\Users\asdf\Desktop\unity\ReactiveTurnBase\My project A\Library\ScriptAssemblies\UnityEditor.UI.dll
Symbol file LoadedFromMemory is not a mono symbol file
Symbol file data-000001FF71C0B150 doesn't match image C:\Users\asdf\Desktop\unity\ReactiveTurnBase\My project A\Library\ScriptAssemblies\Unity.VisualScripting.Core.dll
Symbol file LoadedFromMemory is not a mono symbol file
Symbol file data-000001FF95C70080 doesn't match image C:\Users\asdf\Desktop\unity\ReactiveTurnBase\My project A\Library\ScriptAssemblies\UnityEngine.UI.dll
Symbol file LoadedFromMemory is not a mono symbol file
Symbol file data-000001FF9F221CC0 doesn't match image C:\Users\asdf\Desktop\unity\ReactiveTurnBase\My project A\Library\ScriptAssemblies\UniTask.Editor.dll
Symbol file LoadedFromMemory is not a mono symbol file
Symbol file data-000001FF9EF70020 doesn't match image C:\Users\asdf\Desktop\unity\ReactiveTurnBase\My project A\Library\ScriptAssemblies\Unity.VisualScripting.Core.Editor.dll
Symbol file LoadedFromMemory is not a mono symbol file
Symbol file data-000001FF9EAC6010 doesn't match image C:\Users\asdf\Desktop\unity\ReactiveTurnBase\My project A\Library\ScriptAssemblies\UniTask.Linq.dll
Symbol file LoadedFromMemory is not a mono symbol file
Symbol file data-000001FF9FB26040 doesn't match image C:\Users\asdf\Desktop\unity\ReactiveTurnBase\My project A\Library\ScriptAssemblies\Unity.VisualScripting.Flow.dll
Symbol file LoadedFromMemory is not a mono symbol file
Symbol file data-000001FF9FB26040 doesn't match image C:\Users\asdf\Desktop\unity\ReactiveTurnBase\My project A\Library\ScriptAssemblies\Unity.VisualScripting.Flow.Editor.dll
Symbol file LoadedFromMemory is not a mono symbol file
Symbol file data-000001FF963ECFA0 doesn't match image C:\Users\asdf\Desktop\unity\ReactiveTurnBase\My project A\Library\ScriptAssemblies\Unity.Timeline.dll
Symbol file LoadedFromMemory is not a mono symbol file
Symbol file data-000001FF95284010 doesn't match image C:\Users\asdf\Desktop\unity\ReactiveTurnBase\My project A\Library\ScriptAssemblies\Unity.InputSystem.dll
Symbol file LoadedFromMemory is not a mono symbol file
Symbol file data-000001FF95CAAA90 doesn't match image C:\Users\asdf\Desktop\unity\ReactiveTurnBase\My project A\Library\ScriptAssemblies\Unity.InputSystem.ForUI.dll
Symbol file LoadedFromMemory is not a mono symbol file
Symbol file data-000001FF95CAAA90 doesn't match image C:\Users\asdf\Desktop\unity\ReactiveTurnBase\My project A\Library\ScriptAssemblies\Unity.TestTools.CodeCoverage.Editor.OpenCover.Mono.Reflection.dll
Symbol file LoadedFromMemory is not a mono symbol file
Symbol file data-000001FF95618230 doesn't match image C:\Users\asdf\Desktop\unity\ReactiveTurnBase\My project A\Library\ScriptAssemblies\Unity.VisualScripting.SettingsProvider.Editor.dll
Symbol file LoadedFromMemory is not a mono symbol file
Symbol file data-000001FF9FDE2030 doesn't match image C:\Users\asdf\Desktop\unity\ReactiveTurnBase\My project A\Library\ScriptAssemblies\Unity.Performance.Profile-Analyzer.Editor.dll
Symbol file LoadedFromMemory is not a mono symbol file
Symbol file data-000001FF95E48010 doesn't match image C:\Users\asdf\Desktop\unity\ReactiveTurnBase\My project A\Library\ScriptAssemblies\Unity.TestTools.CodeCoverage.Editor.dll
Symbol file LoadedFromMemory is not a mono symbol file
Symbol file data-000001FF9F221CC0 doesn't match image C:\Users\asdf\Desktop\unity\ReactiveTurnBase\My project A\Library\ScriptAssemblies\Unity.TestTools.CodeCoverage.Editor.OpenCover.Model.dll
Symbol file LoadedFromMemory is not a mono symbol file
Symbol file data-000001FF94C19C30 doesn't match image C:\Users\asdf\Desktop\unity\ReactiveTurnBase\My project A\Library\ScriptAssemblies\Unity.VisualScripting.State.Editor.dll
Symbol file LoadedFromMemory is not a mono symbol file
Symbol file data-000001FF969C5190 doesn't match image C:\Users\asdf\Desktop\unity\ReactiveTurnBase\My project A\Library\ScriptAssemblies\Unity.Settings.Editor.dll
Symbol file LoadedFromMemory is not a mono symbol file
Symbol file data-000001FF9F221CC0 doesn't match image C:\Users\asdf\Desktop\unity\ReactiveTurnBase\My project A\Library\ScriptAssemblies\Unity.CollabProxy.Editor.dll
Symbol file LoadedFromMemory is not a mono symbol file
Symbol file data-000001FF9F4F0030 doesn't match image C:\Users\asdf\Desktop\unity\ReactiveTurnBase\My project A\Library\ScriptAssemblies\Unity.TextMeshPro.dll
Symbol file LoadedFromMemory is not a mono symbol file
Symbol file data-000001FF72BEE560 doesn't match image C:\Users\asdf\Desktop\unity\ReactiveTurnBase\My project A\Library\ScriptAssemblies\Unity.TextMeshPro.Editor.dll
Symbol file LoadedFromMemory is not a mono symbol file
Symbol file data-000001FF94AC3020 doesn't match image C:\Users\asdf\Desktop\unity\ReactiveTurnBase\My project A\Library\ScriptAssemblies\UniTask.dll
Symbol file LoadedFromMemory is not a mono symbol file
Symbol file data-000001FF969CD5A0 doesn't match image C:\Users\asdf\Desktop\unity\ReactiveTurnBase\My project A\Library\ScriptAssemblies\Unity.VisualScripting.State.dll
Symbol file LoadedFromMemory is not a mono symbol file
Symbol file data-000001FF969CD5A0 doesn't match image C:\Users\asdf\Desktop\unity\ReactiveTurnBase\My project A\Library\ScriptAssemblies\Unity.VSCode.Editor.dll
Symbol file LoadedFromMemory is not a mono symbol file
- Loaded All Assemblies, in  0.457 seconds
Native extension for WindowsStandalone target not found
Native extension for Android target not found
Mono: successfully reloaded assembly
- Finished resetting the current domain, in  1.133 seconds
Domain Reload Profiling: 1588ms
	BeginReloadAssembly (147ms)
		ExecutionOrderSort (0ms)
		DisableScriptedObjects (8ms)
		BackupInstance (0ms)
		ReleaseScriptingObjects (0ms)
		CreateAndSetChildDomain (37ms)
	RebuildCommonClasses (26ms)
	RebuildNativeTypeToScriptingClass (8ms)
	initialDomainReloadingComplete (28ms)
	LoadAllAssembliesAndSetupDomain (246ms)
		LoadAssemblies (299ms)
		RebuildTransferFunctionScriptingTraits (0ms)
		AnalyzeDomain (17ms)
			TypeCache.Refresh (9ms)
				TypeCache.ScanAssembly (0ms)
			ScanForSourceGeneratedMonoScriptInfo (0ms)
			ResolveRequiredComponents (7ms)
	FinalizeReload (1134ms)
		ReleaseScriptCaches (0ms)
		RebuildScriptCaches (0ms)
		SetupLoadedEditorAssemblies (640ms)
			LogAssemblyErrors (0ms)
			InitializePlatformSupportModulesInManaged (20ms)
			SetLoadedEditorAssemblies (6ms)
			RefreshPlugins (0ms)
			BeforeProcessingInitializeOnLoad (109ms)
			ProcessInitializeOnLoadAttributes (452ms)
			ProcessInitializeOnLoadMethodAttributes (44ms)
			AfterProcessingInitializeOnLoad (9ms)
			EditorAssembliesLoaded (0ms)
		ExecutionOrderSort2 (0ms)
		AwakeInstancesAfterBackupRestoration (8ms)
Refreshing native plugins compatible for Editor in 5.27 ms, found 3 plugins.
Preloading 0 native plugins for Editor in 0.00 ms.
Unloading 3936 Unused Serialized files (Serialized files now loaded: 0)
Unloading 22 unused Assets / (32.6 KB). Loaded Objects now: 4458.
Memory consumption went from 225.0 MB to 224.9 MB.
Total: 5.954700 ms (FindLiveObjects: 0.331000 ms CreateObjectMapping: 0.264200 ms MarkObjects: 5.267700 ms  DeleteObjects: 0.090900 ms)

Prepare: number of updated asset objects reloaded= 0
AssetImportParameters requested are different than current active one (requested -> active):
  custom:container-demuxer-ogg: 62fdf1f143b41e24485cea50d1cbac27 -> 
  custom:video-decoder-ogg-theora: a1e56fd34408186e4bbccfd4996cb3dc -> 
  custom:framework-win-MediaFoundation: 216162199b28c13a410421893ffa2e32 -> 
  custom:CustomObjectIndexerAttribute: 9a22284fe3817be447336de3de66b15e -> 
  custom:container-demuxer-webm: 4f35f7cbe854078d1ac9338744f61a02 -> 
  custom:container-muxer-webm: aa71ff27fc2769a1b78a27578f13a17b -> 
  custom:video-decoder-webm-vp8: 9c59270c3fd7afecdb556c50c9e8de78 -> 
  custom:SearchIndexIgnoredProperties: e643bd26f0fe6173181afceb89e7c659 -> 
  custom:AudioImporter_EditorPlatform: d09bf68614088b80899f8185d706f6e7 -> 
  custom:video-encoder-webm-vp8: eb34c28f22e8b96e1ab97ce403110664 -> 
  custom:audio-decoder-ogg-vorbis: bf7c407c2cedff20999df2af8eb42d56 -> 
  custom:audio-encoder-webm-vorbis: bf7c407c2cedff20999df2af8eb42d56 -> 
========================================================================
Received Prepare
Caller must complete domain reload
Begin MonoManager ReloadAssembly
Symbol file data-000001FF967B1020 doesn't match image C:\Users\asdf\Desktop\unity\ReactiveTurnBase\My project A\Library\ScriptAssemblies\Unity.EditorCoroutines.Editor.dll
Symbol file LoadedFromMemory is not a mono symbol file
Symbol file data-000001FF967B5660 doesn't match image C:\Users\asdf\Desktop\unity\ReactiveTurnBase\My project A\Library\ScriptAssemblies\UniTask.TextMeshPro.dll
Symbol file LoadedFromMemory is not a mono symbol file
Symbol file data-000001FF955AF020 doesn't match image C:\Users\asdf\Desktop\unity\ReactiveTurnBase\My project A\Library\ScriptAssemblies\Unity.Timeline.Editor.dll
Symbol file LoadedFromMemory is not a mono symbol file
Symbol file data-000001FF967B5660 doesn't match image C:\Users\asdf\Desktop\unity\ReactiveTurnBase\My project A\Library\ScriptAssemblies\Unity.VisualScripting.Shared.Editor.dll
Symbol file LoadedFromMemory is not a mono symbol file
Symbol file data-000001FF967B5660 doesn't match image C:\Users\asdf\Desktop\unity\ReactiveTurnBase\My project A\Library\ScriptAssemblies\UniTask.DOTween.dll
Symbol file LoadedFromMemory is not a mono symbol file
Symbol file data-000001FF967B5660 doesn't match image C:\Users\asdf\Desktop\unity\ReactiveTurnBase\My project A\Library\ScriptAssemblies\UniTask.Addressables.dll
Symbol file LoadedFromMemory is not a mono symbol file
Symbol file data-000001FF96553010 doesn't match image C:\Users\asdf\Desktop\unity\ReactiveTurnBase\My project A\Library\ScriptAssemblies\UnityEditor.UI.dll
Symbol file LoadedFromMemory is not a mono symbol file
Symbol file data-000001FF71C0B150 doesn't match image C:\Users\asdf\Desktop\unity\ReactiveTurnBase\My project A\Library\ScriptAssemblies\Unity.VisualScripting.Core.dll
Symbol file LoadedFromMemory is not a mono symbol file
Symbol file data-000001FF9E55E010 doesn't match image C:\Users\asdf\Desktop\unity\ReactiveTurnBase\My project A\Library\ScriptAssemblies\UnityEngine.UI.dll
Symbol file LoadedFromMemory is not a mono symbol file
Symbol file data-000001FF967B5660 doesn't match image C:\Users\asdf\Desktop\unity\ReactiveTurnBase\My project A\Library\ScriptAssemblies\UniTask.Editor.dll
Symbol file LoadedFromMemory is not a mono symbol file
Symbol file data-000001FF9EF70020 doesn't match image C:\Users\asdf\Desktop\unity\ReactiveTurnBase\My project A\Library\ScriptAssemblies\Unity.VisualScripting.Core.Editor.dll
Symbol file LoadedFromMemory is not a mono symbol file
Symbol file data-000001FF9EDFE020 doesn't match image C:\Users\asdf\Desktop\unity\ReactiveTurnBase\My project A\Library\ScriptAssemblies\UniTask.Linq.dll
Symbol file LoadedFromMemory is not a mono symbol file
Symbol file data-000001FF94776060 doesn't match image C:\Users\asdf\Desktop\unity\ReactiveTurnBase\My project A\Library\ScriptAssemblies\Unity.VisualScripting.Flow.dll
Symbol file LoadedFromMemory is not a mono symbol file
Symbol file data-000001FF9E6CA020 doesn't match image C:\Users\asdf\Desktop\unity\ReactiveTurnBase\My project A\Library\ScriptAssemblies\Unity.VisualScripting.Flow.Editor.dll
Symbol file LoadedFromMemory is not a mono symbol file
Symbol file data-000001FF963ECFA0 doesn't match image C:\Users\asdf\Desktop\unity\ReactiveTurnBase\My project A\Library\ScriptAssemblies\Unity.Timeline.dll
Symbol file LoadedFromMemory is not a mono symbol file
Symbol file data-000001FF95284010 doesn't match image C:\Users\asdf\Desktop\unity\ReactiveTurnBase\My project A\Library\ScriptAssemblies\Unity.InputSystem.dll
Symbol file LoadedFromMemory is not a mono symbol file
Symbol file data-000001FF9E6F1A30 doesn't match image C:\Users\asdf\Desktop\unity\ReactiveTurnBase\My project A\Library\ScriptAssemblies\Unity.InputSystem.ForUI.dll
Symbol file LoadedFromMemory is not a mono symbol file
Symbol file data-000001FF967B5660 doesn't match image C:\Users\asdf\Desktop\unity\ReactiveTurnBase\My project A\Library\ScriptAssemblies\Unity.TestTools.CodeCoverage.Editor.OpenCover.Mono.Reflection.dll
Symbol file LoadedFromMemory is not a mono symbol file
Symbol file data-000001FF967B5660 doesn't match image C:\Users\asdf\Desktop\unity\ReactiveTurnBase\My project A\Library\ScriptAssemblies\Unity.VisualScripting.SettingsProvider.Editor.dll
Symbol file LoadedFromMemory is not a mono symbol file
Symbol file data-000001FF9E55E010 doesn't match image C:\Users\asdf\Desktop\unity\ReactiveTurnBase\My project A\Library\ScriptAssemblies\Unity.Performance.Profile-Analyzer.Editor.dll
Symbol file LoadedFromMemory is not a mono symbol file
Symbol file data-000001FF9EA40040 doesn't match image C:\Users\asdf\Desktop\unity\ReactiveTurnBase\My project A\Library\ScriptAssemblies\Unity.TestTools.CodeCoverage.Editor.dll
Symbol file LoadedFromMemory is not a mono symbol file
Symbol file data-000001FF96AFC010 doesn't match image C:\Users\asdf\Desktop\unity\ReactiveTurnBase\My project A\Library\ScriptAssemblies\Unity.TestTools.CodeCoverage.Editor.OpenCover.Model.dll
Symbol file LoadedFromMemory is not a mono symbol file
Symbol file data-000001FF73138C20 doesn't match image C:\Users\asdf\Desktop\unity\ReactiveTurnBase\My project A\Library\ScriptAssemblies\Unity.VisualScripting.State.Editor.dll
Symbol file LoadedFromMemory is not a mono symbol file
Symbol file data-000001FF9E581620 doesn't match image C:\Users\asdf\Desktop\unity\ReactiveTurnBase\My project A\Library\ScriptAssemblies\Unity.Settings.Editor.dll
Symbol file LoadedFromMemory is not a mono symbol file
Symbol file data-000001FF967B5660 doesn't match image C:\Users\asdf\Desktop\unity\ReactiveTurnBase\My project A\Library\ScriptAssemblies\Unity.CollabProxy.Editor.dll
Symbol file LoadedFromMemory is not a mono symbol file
Symbol file data-000001FF9487C020 doesn't match image C:\Users\asdf\Desktop\unity\ReactiveTurnBase\My project A\Library\ScriptAssemblies\Unity.TextMeshPro.dll
Symbol file LoadedFromMemory is not a mono symbol file
Symbol file data-000001FF954F1010 doesn't match image C:\Users\asdf\Desktop\unity\ReactiveTurnBase\My project A\Library\ScriptAssemblies\Unity.TextMeshPro.Editor.dll
Symbol file LoadedFromMemory is not a mono symbol file
Symbol file data-000001FF95523010 doesn't match image C:\Users\asdf\Desktop\unity\ReactiveTurnBase\My project A\Library\ScriptAssemblies\UniTask.dll
Symbol file LoadedFromMemory is not a mono symbol file
Symbol file data-000001FF73138C20 doesn't match image C:\Users\asdf\Desktop\unity\ReactiveTurnBase\My project A\Library\ScriptAssemblies\Unity.VisualScripting.State.dll
Symbol file LoadedFromMemory is not a mono symbol file
Symbol file data-000001FF96553010 doesn't match image C:\Users\asdf\Desktop\unity\ReactiveTurnBase\My project A\Library\ScriptAssemblies\Unity.VSCode.Editor.dll
Symbol file LoadedFromMemory is not a mono symbol file
- Loaded All Assemblies, in  0.436 seconds
Native extension for WindowsStandalone target not found
Native extension for Android target not found
Mono: successfully reloaded assembly
- Finished resetting the current domain, in  1.156 seconds
Domain Reload Profiling: 1589ms
	BeginReloadAssembly (130ms)
		ExecutionOrderSort (0ms)
		DisableScriptedObjects (6ms)
		BackupInstance (0ms)
		ReleaseScriptingObjects (0ms)
		CreateAndSetChildDomain (28ms)
	RebuildCommonClasses (26ms)
	RebuildNativeTypeToScriptingClass (8ms)
	initialDomainReloadingComplete (27ms)
	LoadAllAssembliesAndSetupDomain (242ms)
		LoadAssemblies (292ms)
		RebuildTransferFunctionScriptingTraits (0ms)
		AnalyzeDomain (17ms)
			TypeCache.Refresh (7ms)
				TypeCache.ScanAssembly (0ms)
			ScanForSourceGeneratedMonoScriptInfo (0ms)
			ResolveRequiredComponents (7ms)
	FinalizeReload (1156ms)
		ReleaseScriptCaches (0ms)
		RebuildScriptCaches (0ms)
		SetupLoadedEditorAssemblies (641ms)
			LogAssemblyErrors (0ms)
			InitializePlatformSupportModulesInManaged (18ms)
			SetLoadedEditorAssemblies (5ms)
			RefreshPlugins (0ms)
			BeforeProcessingInitializeOnLoad (113ms)
			ProcessInitializeOnLoadAttributes (454ms)
			ProcessInitializeOnLoadMethodAttributes (42ms)
			AfterProcessingInitializeOnLoad (8ms)
			EditorAssembliesLoaded (0ms)
		ExecutionOrderSort2 (0ms)
		AwakeInstancesAfterBackupRestoration (8ms)
Refreshing native plugins compatible for Editor in 4.61 ms, found 3 plugins.
Preloading 0 native plugins for Editor in 0.00 ms.
Unloading 3937 Unused Serialized files (Serialized files now loaded: 0)
Unloading 22 unused Assets / (32.6 KB). Loaded Objects now: 4461.
Memory consumption went from 225.2 MB to 225.2 MB.
Total: 4.313900 ms (FindLiveObjects: 0.298300 ms CreateObjectMapping: 0.340100 ms MarkObjects: 3.581000 ms  DeleteObjects: 0.093900 ms)

Prepare: number of updated asset objects reloaded= 0
AssetImportParameters requested are different than current active one (requested -> active):
  custom:container-demuxer-ogg: 62fdf1f143b41e24485cea50d1cbac27 -> 
  custom:video-decoder-ogg-theora: a1e56fd34408186e4bbccfd4996cb3dc -> 
  custom:framework-win-MediaFoundation: 216162199b28c13a410421893ffa2e32 -> 
  custom:CustomObjectIndexerAttribute: 9a22284fe3817be447336de3de66b15e -> 
  custom:container-demuxer-webm: 4f35f7cbe854078d1ac9338744f61a02 -> 
  custom:container-muxer-webm: aa71ff27fc2769a1b78a27578f13a17b -> 
  custom:video-decoder-webm-vp8: 9c59270c3fd7afecdb556c50c9e8de78 -> 
  custom:SearchIndexIgnoredProperties: e643bd26f0fe6173181afceb89e7c659 -> 
  custom:AudioImporter_EditorPlatform: d09bf68614088b80899f8185d706f6e7 -> 
  custom:video-encoder-webm-vp8: eb34c28f22e8b96e1ab97ce403110664 -> 
  custom:audio-decoder-ogg-vorbis: bf7c407c2cedff20999df2af8eb42d56 -> 
  custom:audio-encoder-webm-vorbis: bf7c407c2cedff20999df2af8eb42d56 -> 
Editor requested this worker to shutdown with reason: Scaling down because of idle timeout
TcpMessagingSession - receive error: operation aborted. errorcode: 995, details: 스레드 종료 또는 응용 프로그램 요청 때문에 I/O 작업이 취소되었습니다.
AssetImportWorker is now disconnected from the server
Process exiting
Exiting without the bug reporter. Application will terminate with return code 0